#
# There is insufficient memory for the Java Runtime Environment to continue.
# Native memory allocation (malloc) failed to allocate 1506576 bytes. Error detail: Chunk::new
# Possible reasons:
#   The system is out of physical RAM or swap space
#   This process is running with CompressedOops enabled, and the Java Heap may be blocking the growth of the native heap
# Possible solutions:
#   Reduce memory load on the system
#   Increase physical memory or swap space
#   Check if swap backing store is full
#   Decrease Java heap size (-Xmx/-Xms)
#   Decrease number of Java threads
#   Decrease Java thread stack sizes (-Xss)
#   Set larger code cache with -XX:ReservedCodeCacheSize=
#   JVM is running with Unscaled Compressed Oops mode in which the Java heap is
#     placed in the first 4GB address space. The Java Heap base address is the
#     maximum limit for the native heap growth. Please use -XX:HeapBaseMinAddress
#     to set the Java Heap base and to place the Java Heap above 4GB virtual address.
# This output file may be truncated or incomplete.
#
#  Out of Memory Error (arena.cpp:168), pid=13984, tid=14312
#
# JRE version: OpenJDK Runtime Environment Temurin-21.0.10+7 (21.0.10+7) (build 21.0.10+7-LTS)
# Java VM: OpenJDK 64-Bit Server VM Temurin-21.0.10+7 (21.0.10+7-LTS, mixed mode, sharing, tiered, compressed oops, compressed class ptrs, parallel gc, windows-amd64)
# No core dump will be written. Minidumps are not enabled by default on client versions of Windows
#

---------------  S U M M A R Y ------------

Command Line: --add-modules=ALL-SYSTEM --add-opens=java.base/java.util=ALL-UNNAMED --add-opens=java.base/java.lang=ALL-UNNAMED --add-opens=java.base/sun.nio.fs=ALL-UNNAMED -Declipse.application=org.eclipse.jdt.ls.core.id1 -Dosgi.bundles.defaultStartLevel=4 -Declipse.product=org.eclipse.jdt.ls.core.product -Djava.import.generatesMetadataFilesAtProjectRoot=false -DDetectVMInstallationsJob.disabled=true -Dfile.encoding=utf8 -XX:+UseParallelGC -XX:GCTimeRatio=4 -XX:AdaptiveSizePolicyWeight=90 -Dsun.zip.disableMemoryMapping=true -Xmx2G -Xms100m -Xlog:disable -javaagent:c:\Users\ACER\.antigravity\extensions\redhat.java-1.53.0-win32-x64\lombok\lombok-1.18.39-4050.jar c:\Users\ACER\.antigravity\extensions\redhat.java-1.53.0-win32-x64\server\plugins\org.eclipse.equinox.launcher_1.7.100.v20251111-0406.jar -configuration c:\Users\ACER\AppData\Roaming\Antigravity\User\globalStorage\redhat.java\1.53.0\config_ss_win -data c:\Users\ACER\AppData\Roaming\Antigravity\User\workspaceStorage\170cc99860df800c3fff8c357527cd0f\redhat.java\ss_ws --pipe=\\.\pipe\lsp-08866ca6a91cf784d995261f57c352dd-sock

Host: 12th Gen Intel(R) Core(TM) i5-12450H, 12 cores, 15G,  Windows 11 , 64 bit Build 22621 (10.0.22621.5415)
Time: Tue Mar 17 23:52:25 2026 SE Asia Standard Time elapsed time: 5.632755 seconds (0d 0h 0m 5s)

---------------  T H R E A D  ---------------

Current thread (0x000001f9cb92bdb0):  JavaThread "C2 CompilerThread0" daemon [_thread_in_native, id=14312, stack(0x000000e5d4000000,0x000000e5d4100000) (1024K)]


Current CompileTask:
C2:5632 2645       4       java.lang.invoke.MethodType::makeImpl (109 bytes)

Stack: [0x000000e5d4000000,0x000000e5d4100000]
Native frames: (J=compiled Java code, j=interpreted, Vv=VM code, C=native code)
V  [jvm.dll+0x6d7a39]
V  [jvm.dll+0x8b4b26]
V  [jvm.dll+0x8b70de]
V  [jvm.dll+0x8b77c3]
V  [jvm.dll+0x284346]
V  [jvm.dll+0xc66ed]
V  [jvm.dll+0xc6c31]
V  [jvm.dll+0x3bec01]
V  [jvm.dll+0x38b162]
V  [jvm.dll+0x38a5aa]
V  [jvm.dll+0x24c560]
V  [jvm.dll+0x24bb40]
V  [jvm.dll+0x1cb34e]
V  [jvm.dll+0x25b85d]
V  [jvm.dll+0x259dea]
V  [jvm.dll+0x3f857e]
V  [jvm.dll+0x85f59d]
V  [jvm.dll+0x6d626d]
C  [ucrtbase.dll+0x29333]
C  [KERNEL32.DLL+0x1259d]
C  [ntdll.dll+0x5af78]


---------------  P R O C E S S  ---------------

Threads class SMR info:
_java_thread_list=0x000001f9e9167e70, length=20, elements={
0x000001f9cb880850, 0x000001f9cb82e6b0, 0x000001f9cb921f20, 0x000001f9cb9241d0,
0x000001f9cb925ae0, 0x000001f9cb927c30, 0x000001f9cb92af70, 0x000001f9cb92bdb0,
0x000001f9cb9324a0, 0x000001f9e379bda0, 0x000001f9e38036d0, 0x000001f9e4ad9580,
0x000001f9e9025a80, 0x000001f9e9029410, 0x000001f9e925c750, 0x000001f9e927a620,
0x000001f9e90b05a0, 0x000001f9e4c12150, 0x000001f9e9386c10, 0x000001f9e9178410
}

Java Threads: ( => current thread )
  0x000001f9cb880850 JavaThread "main"                              [_thread_blocked, id=3540, stack(0x000000e5d3600000,0x000000e5d3700000) (1024K)]
  0x000001f9cb82e6b0 JavaThread "Reference Handler"          daemon [_thread_blocked, id=18480, stack(0x000000e5d3a00000,0x000000e5d3b00000) (1024K)]
  0x000001f9cb921f20 JavaThread "Finalizer"                  daemon [_thread_blocked, id=13128, stack(0x000000e5d3b00000,0x000000e5d3c00000) (1024K)]
  0x000001f9cb9241d0 JavaThread "Signal Dispatcher"          daemon [_thread_blocked, id=12684, stack(0x000000e5d3c00000,0x000000e5d3d00000) (1024K)]
  0x000001f9cb925ae0 JavaThread "Attach Listener"            daemon [_thread_blocked, id=7108, stack(0x000000e5d3d00000,0x000000e5d3e00000) (1024K)]
  0x000001f9cb927c30 JavaThread "Service Thread"             daemon [_thread_blocked, id=16096, stack(0x000000e5d3e00000,0x000000e5d3f00000) (1024K)]
  0x000001f9cb92af70 JavaThread "Monitor Deflation Thread"   daemon [_thread_blocked, id=15220, stack(0x000000e5d3f00000,0x000000e5d4000000) (1024K)]
=>0x000001f9cb92bdb0 JavaThread "C2 CompilerThread0"         daemon [_thread_in_native, id=14312, stack(0x000000e5d4000000,0x000000e5d4100000) (1024K)]
  0x000001f9cb9324a0 JavaThread "C1 CompilerThread0"         daemon [_thread_in_native, id=17288, stack(0x000000e5d4100000,0x000000e5d4200000) (1024K)]
  0x000001f9e379bda0 JavaThread "Common-Cleaner"             daemon [_thread_blocked, id=2740, stack(0x000000e5d4200000,0x000000e5d4300000) (1024K)]
  0x000001f9e38036d0 JavaThread "Notification Thread"        daemon [_thread_blocked, id=21000, stack(0x000000e5d4300000,0x000000e5d4400000) (1024K)]
  0x000001f9e4ad9580 JavaThread "Active Thread: Equinox Container: fb4b48c5-4a54-42c0-a732-653b04a7e9f6"        [_thread_blocked, id=820, stack(0x000000e5d4a00000,0x000000e5d4b00000) (1024K)]
  0x000001f9e9025a80 JavaThread "Framework Event Dispatcher: Equinox Container: fb4b48c5-4a54-42c0-a732-653b04a7e9f6" daemon [_thread_in_Java, id=3260, stack(0x000000e5d4d00000,0x000000e5d4e00000) (1024K)]
  0x000001f9e9029410 JavaThread "Start Level: Equinox Container: fb4b48c5-4a54-42c0-a732-653b04a7e9f6" daemon [_thread_in_native, id=2448, stack(0x000000e5d4e00000,0x000000e5d4f00000) (1024K)]
  0x000001f9e925c750 JavaThread "SCR Component Actor"        daemon [_thread_blocked, id=18756, stack(0x000000e5d4b00000,0x000000e5d4c00000) (1024K)]
  0x000001f9e927a620 JavaThread "C2 CompilerThread1"         daemon [_thread_in_native, id=7144, stack(0x000000e5d4c00000,0x000000e5d4d00000) (1024K)]
  0x000001f9e90b05a0 JavaThread "Worker-JM"                         [_thread_blocked, id=10232, stack(0x000000e5d5100000,0x000000e5d5200000) (1024K)]
  0x000001f9e4c12150 JavaThread "JNA Cleaner"                daemon [_thread_blocked, id=10056, stack(0x000000e5d5000000,0x000000e5d5100000) (1024K)]
  0x000001f9e9386c10 JavaThread "Worker-0"                          [_thread_blocked, id=13132, stack(0x000000e5d5400000,0x000000e5d5500000) (1024K)]
  0x000001f9e9178410 JavaThread "Worker-1"                          [_thread_blocked, id=17688, stack(0x000000e5d5500000,0x000000e5d5600000) (1024K)]
Total: 20

Other Threads:
  0x000001f9e3580d70 VMThread "VM Thread"                           [id=15964, stack(0x000000e5d3900000,0x000000e5d3a00000) (1024K)]
  0x000001f9cb70ca00 WatcherThread "VM Periodic Task Thread"        [id=10108, stack(0x000000e5d3800000,0x000000e5d3900000) (1024K)]
  0x000001f9cb89ebd0 WorkerThread "GC Thread#0"                     [id=21448, stack(0x000000e5d3700000,0x000000e5d3800000) (1024K)]
  0x000001f9e455b0e0 WorkerThread "GC Thread#1"                     [id=21252, stack(0x000000e5d4400000,0x000000e5d4500000) (1024K)]
  0x000001f9e455b490 WorkerThread "GC Thread#2"                     [id=2168, stack(0x000000e5d4500000,0x000000e5d4600000) (1024K)]
  0x000001f9e455b840 WorkerThread "GC Thread#3"                     [id=11128, stack(0x000000e5d4600000,0x000000e5d4700000) (1024K)]
  0x000001f9e49d0eb0 WorkerThread "GC Thread#4"                     [id=20296, stack(0x000000e5d4700000,0x000000e5d4800000) (1024K)]
  0x000001f9e49d1260 WorkerThread "GC Thread#5"                     [id=2772, stack(0x000000e5d4800000,0x000000e5d4900000) (1024K)]
  0x000001f9e49d1610 WorkerThread "GC Thread#6"                     [id=18968, stack(0x000000e5d4900000,0x000000e5d4a00000) (1024K)]
  0x000001f9e9035970 WorkerThread "GC Thread#7"                     [id=7544, stack(0x000000e5d4f00000,0x000000e5d5000000) (1024K)]
  0x000001f9e91579e0 WorkerThread "GC Thread#8"                     [id=13104, stack(0x000000e5d5200000,0x000000e5d5300000) (1024K)]
  0x000001f9e92de350 WorkerThread "GC Thread#9"                     [id=16160, stack(0x000000e5d5300000,0x000000e5d5400000) (1024K)]
Total: 12

Threads with active compile tasks:
C2 CompilerThread0  5649 2645       4       java.lang.invoke.MethodType::makeImpl (109 bytes)
C1 CompilerThread0  5649 2765       3       sun.util.locale.LocaleUtils::isAlphaString (33 bytes)
C2 CompilerThread1  5649 2747       4       java.util.regex.Matcher::search (154 bytes)
Total: 3

VM state: not at safepoint (normal execution)

VM Mutex/Monitor currently owned by a thread: None

OutOfMemory and StackOverflow Exception counts:
OutOfMemoryError java_heap_errors=1
LinkageErrors=59

Heap address: 0x0000000080000000, size: 2048 MB, Compressed Oops mode: 32-bit

CDS archive(s) mapped at: [0x000001f980000000-0x000001f980ba0000-0x000001f980ba0000), size 12189696, SharedBaseAddress: 0x000001f980000000, ArchiveRelocationMode: 1.
Compressed class space mapped at: 0x000001f981000000-0x000001f9c1000000, reserved size: 1073741824
Narrow klass base: 0x000001f980000000, Narrow klass shift: 0, Narrow klass range: 0x100000000

GC Precious Log:
 CardTable entry size: 512
 CPUs: 12 total, 12 available
 Memory: 16088M
 Large Page Support: Disabled
 NUMA Support: Disabled
 Compressed Oops: Enabled (32-bit)
 Alignments: Space 512K, Generation 512K, Heap 2M
 Heap Min Capacity: 100M
 Heap Initial Capacity: 100M
 Heap Max Capacity: 2G
 Pre-touch: Disabled
 Parallel Workers: 10

Heap:
 PSYoungGen      total 29696K, used 7211K [0x00000000d5580000, 0x00000000d7680000, 0x0000000100000000)
  eden space 25600K, 12% used [0x00000000d5580000,0x00000000d588d9d0,0x00000000d6e80000)
  from space 4096K, 99% used [0x00000000d6e80000,0x00000000d727d610,0x00000000d7280000)
  to   space 4096K, 0% used [0x00000000d7280000,0x00000000d7280000,0x00000000d7680000)
 ParOldGen       total 68608K, used 11353K [0x0000000080000000, 0x0000000084300000, 0x00000000d5580000)
  object space 68608K, 16% used [0x0000000080000000,0x0000000080b164c0,0x0000000084300000)
 Metaspace       used 17997K, committed 18624K, reserved 1114112K
  class space    used 1857K, committed 2112K, reserved 1048576K

Card table byte_map: [0x000001f9cb220000,0x000001f9cb630000] _byte_map_base: 0x000001f9cae20000

Marking Bits: (ParMarkBitMap*) 0x00007ff8558a3450
 Begin Bits: [0x000001f9ddd30000, 0x000001f9dfd30000)
 End Bits:   [0x000001f9dfd30000, 0x000001f9e1d30000)

Polling page: 0x000001f9c96b0000

Metaspace:

Usage:
  Non-class:     15.76 MB used.
      Class:      1.81 MB used.
       Both:     17.58 MB used.

Virtual space:
  Non-class space:       64.00 MB reserved,      16.12 MB ( 25%) committed,  1 nodes.
      Class space:        1.00 GB reserved,       2.06 MB ( <1%) committed,  1 nodes.
             Both:        1.06 GB reserved,      18.19 MB (  2%) committed. 

Chunk freelists:
   Non-Class:  15.53 MB
       Class:  13.88 MB
        Both:  29.41 MB

MaxMetaspaceSize: unlimited
CompressedClassSpaceSize: 1.00 GB
Initial GC threshold: 21.00 MB
Current GC threshold: 21.00 MB
CDS: on
 - commit_granule_bytes: 65536.
 - commit_granule_words: 8192.
 - virtual_space_node_default_size: 8388608.
 - enlarge_chunks_in_place: 1.
 - use_allocation_guard: 0.


Internal statistics:

num_allocs_failed_limit: 0.
num_arena_births: 502.
num_arena_deaths: 0.
num_vsnodes_births: 2.
num_vsnodes_deaths: 0.
num_space_committed: 291.
num_space_uncommitted: 0.
num_chunks_returned_to_freelist: 0.
num_chunks_taken_from_freelist: 1165.
num_chunk_merges: 0.
num_chunk_splits: 739.
num_chunks_enlarged: 475.
num_inconsistent_stats: 0.

CodeHeap 'non-profiled nmethods': size=120000Kb used=1295Kb max_used=1295Kb free=118705Kb
 bounds [0x000001f9d6550000, 0x000001f9d67c0000, 0x000001f9dda80000]
CodeHeap 'profiled nmethods': size=120000Kb used=5178Kb max_used=5178Kb free=114821Kb
 bounds [0x000001f9cea80000, 0x000001f9cef90000, 0x000001f9d5fb0000]
CodeHeap 'non-nmethods': size=5760Kb used=1277Kb max_used=1302Kb free=4482Kb
 bounds [0x000001f9d5fb0000, 0x000001f9d6220000, 0x000001f9d6550000]
CodeCache: size=245760Kb, used=7750Kb, max_used=7775Kb, free=238008Kb
 total_blobs=3313, nmethods=2759, adapters=460, full_count=0
Compilation: enabled, stopped_count=0, restarted_count=0

Compilation events (20 events):
Event: 5.612 Thread 0x000001f9cb9324a0 nmethod 2735 0x000001f9cef82310 code [0x000001f9cef82520, 0x000001f9cef82c10]
Event: 5.612 Thread 0x000001f9cb9324a0 2737       3       org.lombokweb.asm.ClassReader::createDebugLabel (23 bytes)
Event: 5.612 Thread 0x000001f9e927a620 nmethod 2713 0x000001f9d6690a10 code [0x000001f9d6690be0, 0x000001f9d66910b8]
Event: 5.612 Thread 0x000001f9e927a620 2732       4       org.lombokweb.asm.ClassReader::readBytecodeInstructionOffset (1 bytes)
Event: 5.612 Thread 0x000001f9cb9324a0 nmethod 2737 0x000001f9cef82f10 code [0x000001f9cef830e0, 0x000001f9cef83550]
Event: 5.612 Thread 0x000001f9cb9324a0 2738       3       org.lombokweb.asm.Label::accept (69 bytes)
Event: 5.612 Thread 0x000001f9e927a620 nmethod 2732 0x000001f9d6691510 code [0x000001f9d66916a0, 0x000001f9d6691728]
Event: 5.612 Thread 0x000001f9e927a620 2726       4       org.lombokweb.asm.SymbolTable$Entry::<init> (18 bytes)
Event: 5.612 Thread 0x000001f9cb9324a0 nmethod 2738 0x000001f9cef83710 code [0x000001f9cef83900, 0x000001f9cef83e38]
Event: 5.612 Thread 0x000001f9cb9324a0 2736       3       org.lombokweb.asm.SymbolTable::hash (7 bytes)
Event: 5.612 Thread 0x000001f9cb9324a0 nmethod 2736 0x000001f9cef84010 code [0x000001f9cef841a0, 0x000001f9cef84298]
Event: 5.612 Thread 0x000001f9e927a620 nmethod 2726 0x000001f9d6691810 code [0x000001f9d66919a0, 0x000001f9d6691a60]
Event: 5.612 Thread 0x000001f9e927a620 2725       4       org.lombokweb.asm.SymbolTable::addConstantNameAndType (28 bytes)
Event: 5.616 Thread 0x000001f9e927a620 nmethod 2725 0x000001f9d6691b10 code [0x000001f9d6691ce0, 0x000001f9d66920b0]
Event: 5.622 Thread 0x000001f9cb9324a0 2739       3       java.lang.invoke.MethodHandles$Lookup$ClassFile::newInstanceNoCheck (11 bytes)
Event: 5.623 Thread 0x000001f9cb9324a0 nmethod 2739 0x000001f9cef84310 code [0x000001f9cef844c0, 0x000001f9cef846f8]
Event: 5.623 Thread 0x000001f9cb9324a0 2740       3       java.lang.invoke.MethodHandles$Lookup::makeHiddenClassDefiner (44 bytes)
Event: 5.623 Thread 0x000001f9cb9324a0 nmethod 2740 0x000001f9cef84810 code [0x000001f9cef84a40, 0x000001f9cef85110]
Event: 5.624 Thread 0x000001f9cb9324a0 2741       1       java.lang.invoke.MethodHandleImpl$IntrinsicMethodHandle::getTarget (5 bytes)
Event: 5.624 Thread 0x000001f9cb9324a0 nmethod 2741 0x000001f9d6692410 code [0x000001f9d66925a0, 0x000001f9d6692668]

GC Heap History (8 events):
Event: 2.520 GC heap before
{Heap before GC invocations=1 (full 0):
 PSYoungGen      total 29696K, used 25600K [0x00000000d5580000, 0x00000000d7680000, 0x0000000100000000)
  eden space 25600K, 100% used [0x00000000d5580000,0x00000000d6e80000,0x00000000d6e80000)
  from space 4096K, 0% used [0x00000000d7280000,0x00000000d7280000,0x00000000d7680000)
  to   space 4096K, 0% used [0x00000000d6e80000,0x00000000d6e80000,0x00000000d7280000)
 ParOldGen       total 68608K, used 0K [0x0000000080000000, 0x0000000084300000, 0x00000000d5580000)
  object space 68608K, 0% used [0x0000000080000000,0x0000000080000000,0x0000000084300000)
 Metaspace       used 4382K, committed 4608K, reserved 1114112K
  class space    used 474K, committed 576K, reserved 1048576K
}
Event: 2.537 GC heap after
{Heap after GC invocations=1 (full 0):
 PSYoungGen      total 29696K, used 3287K [0x00000000d5580000, 0x00000000d7680000, 0x0000000100000000)
  eden space 25600K, 0% used [0x00000000d5580000,0x00000000d5580000,0x00000000d6e80000)
  from space 4096K, 80% used [0x00000000d6e80000,0x00000000d71b5ea8,0x00000000d7280000)
  to   space 4096K, 0% used [0x00000000d7280000,0x00000000d7280000,0x00000000d7680000)
 ParOldGen       total 68608K, used 16K [0x0000000080000000, 0x0000000084300000, 0x00000000d5580000)
  object space 68608K, 0% used [0x0000000080000000,0x0000000080004000,0x0000000084300000)
 Metaspace       used 4382K, committed 4608K, reserved 1114112K
  class space    used 474K, committed 576K, reserved 1048576K
}
Event: 4.244 GC heap before
{Heap before GC invocations=2 (full 0):
 PSYoungGen      total 29696K, used 28887K [0x00000000d5580000, 0x00000000d7680000, 0x0000000100000000)
  eden space 25600K, 100% used [0x00000000d5580000,0x00000000d6e80000,0x00000000d6e80000)
  from space 4096K, 80% used [0x00000000d6e80000,0x00000000d71b5ea8,0x00000000d7280000)
  to   space 4096K, 0% used [0x00000000d7280000,0x00000000d7280000,0x00000000d7680000)
 ParOldGen       total 68608K, used 16K [0x0000000080000000, 0x0000000084300000, 0x00000000d5580000)
  object space 68608K, 0% used [0x0000000080000000,0x0000000080004000,0x0000000084300000)
 Metaspace       used 8166K, committed 8512K, reserved 1114112K
  class space    used 869K, committed 1024K, reserved 1048576K
}
Event: 4.254 GC heap after
{Heap after GC invocations=2 (full 0):
 PSYoungGen      total 29696K, used 4075K [0x00000000d5580000, 0x00000000d7680000, 0x0000000100000000)
  eden space 25600K, 0% used [0x00000000d5580000,0x00000000d5580000,0x00000000d6e80000)
  from space 4096K, 99% used [0x00000000d7280000,0x00000000d767aff8,0x00000000d7680000)
  to   space 4096K, 0% used [0x00000000d6e80000,0x00000000d6e80000,0x00000000d7280000)
 ParOldGen       total 68608K, used 1141K [0x0000000080000000, 0x0000000084300000, 0x00000000d5580000)
  object space 68608K, 1% used [0x0000000080000000,0x000000008011d6b8,0x0000000084300000)
 Metaspace       used 8166K, committed 8512K, reserved 1114112K
  class space    used 869K, committed 1024K, reserved 1048576K
}
Event: 4.906 GC heap before
{Heap before GC invocations=3 (full 0):
 PSYoungGen      total 29696K, used 29675K [0x00000000d5580000, 0x00000000d7680000, 0x0000000100000000)
  eden space 25600K, 100% used [0x00000000d5580000,0x00000000d6e80000,0x00000000d6e80000)
  from space 4096K, 99% used [0x00000000d7280000,0x00000000d767aff8,0x00000000d7680000)
  to   space 4096K, 0% used [0x00000000d6e80000,0x00000000d6e80000,0x00000000d7280000)
 ParOldGen       total 68608K, used 1141K [0x0000000080000000, 0x0000000084300000, 0x00000000d5580000)
  object space 68608K, 1% used [0x0000000080000000,0x000000008011d6b8,0x0000000084300000)
 Metaspace       used 13007K, committed 13568K, reserved 1114112K
  class space    used 1381K, committed 1664K, reserved 1048576K
}
Event: 4.909 GC heap after
{Heap after GC invocations=3 (full 0):
 PSYoungGen      total 29696K, used 4090K [0x00000000d5580000, 0x00000000d7680000, 0x0000000100000000)
  eden space 25600K, 0% used [0x00000000d5580000,0x00000000d5580000,0x00000000d6e80000)
  from space 4096K, 99% used [0x00000000d6e80000,0x00000000d727e9a8,0x00000000d7280000)
  to   space 4096K, 0% used [0x00000000d7280000,0x00000000d7280000,0x00000000d7680000)
 ParOldGen       total 68608K, used 2832K [0x0000000080000000, 0x0000000084300000, 0x00000000d5580000)
  object space 68608K, 4% used [0x0000000080000000,0x00000000802c4028,0x0000000084300000)
 Metaspace       used 13007K, committed 13568K, reserved 1114112K
  class space    used 1381K, committed 1664K, reserved 1048576K
}
Event: 5.412 GC heap before
{Heap before GC invocations=4 (full 0):
 PSYoungGen      total 29696K, used 29690K [0x00000000d5580000, 0x00000000d7680000, 0x0000000100000000)
  eden space 25600K, 100% used [0x00000000d5580000,0x00000000d6e80000,0x00000000d6e80000)
  from space 4096K, 99% used [0x00000000d6e80000,0x00000000d727e9a8,0x00000000d7280000)
  to   space 4096K, 0% used [0x00000000d7280000,0x00000000d7280000,0x00000000d7680000)
 ParOldGen       total 68608K, used 2832K [0x0000000080000000, 0x0000000084300000, 0x00000000d5580000)
  object space 68608K, 4% used [0x0000000080000000,0x00000000802c4028,0x0000000084300000)
 Metaspace       used 15203K, committed 15808K, reserved 1114112K
  class space    used 1608K, committed 1920K, reserved 1048576K
}
Event: 5.420 GC heap after
{Heap after GC invocations=4 (full 0):
 PSYoungGen      total 29696K, used 4078K [0x00000000d5580000, 0x00000000d7680000, 0x0000000100000000)
  eden space 25600K, 0% used [0x00000000d5580000,0x00000000d5580000,0x00000000d6e80000)
  from space 4096K, 99% used [0x00000000d7280000,0x00000000d767ba38,0x00000000d7680000)
  to   space 4096K, 0% used [0x00000000d6e80000,0x00000000d6e80000,0x00000000d7280000)
 ParOldGen       total 68608K, used 10595K [0x0000000080000000, 0x0000000084300000, 0x00000000d5580000)
  object space 68608K, 15% used [0x0000000080000000,0x0000000080a58c20,0x0000000084300000)
 Metaspace       used 15203K, committed 15808K, reserved 1114112K
  class space    used 1608K, committed 1920K, reserved 1048576K
}

Dll operation events (10 events):
Event: 0.026 Loaded shared library c:\Users\ACER\.antigravity\extensions\redhat.java-1.53.0-win32-x64\jre\21.0.10-win32-x86_64\bin\java.dll
Event: 0.230 Loaded shared library c:\Users\ACER\.antigravity\extensions\redhat.java-1.53.0-win32-x64\jre\21.0.10-win32-x86_64\bin\zip.dll
Event: 0.295 Loaded shared library C:\Users\ACER\.antigravity\extensions\redhat.java-1.53.0-win32-x64\jre\21.0.10-win32-x86_64\bin\instrument.dll
Event: 0.318 Loaded shared library C:\Users\ACER\.antigravity\extensions\redhat.java-1.53.0-win32-x64\jre\21.0.10-win32-x86_64\bin\net.dll
Event: 0.327 Loaded shared library C:\Users\ACER\.antigravity\extensions\redhat.java-1.53.0-win32-x64\jre\21.0.10-win32-x86_64\bin\nio.dll
Event: 0.335 Loaded shared library C:\Users\ACER\.antigravity\extensions\redhat.java-1.53.0-win32-x64\jre\21.0.10-win32-x86_64\bin\zip.dll
Event: 0.404 Loaded shared library C:\Users\ACER\.antigravity\extensions\redhat.java-1.53.0-win32-x64\jre\21.0.10-win32-x86_64\bin\jimage.dll
Event: 0.618 Loaded shared library c:\Users\ACER\.antigravity\extensions\redhat.java-1.53.0-win32-x64\jre\21.0.10-win32-x86_64\bin\verify.dll
Event: 4.180 Loaded shared library C:\Users\ACER\AppData\Roaming\Antigravity\User\globalStorage\redhat.java\1.53.0\config_ss_win\org.eclipse.equinox.launcher\org.eclipse.equinox.launcher.win32.win32.x86_64_1.3.0.v20260203-2149\eclipse_11919.dll
Event: 5.392 Loaded shared library C:\Users\ACER\AppData\Local\Temp\jna-2003023\jna11593838517684989457.dll

Deoptimization events (20 events):
Event: 5.537 Thread 0x000001f9e9029410 Uncommon trap: trap_request=0xffffff45 fr.pc=0x000001f9d6665768 relative=0x0000000000001008
Event: 5.537 Thread 0x000001f9e9029410 Uncommon trap: reason=unstable_if action=reinterpret pc=0x000001f9d6665768 method=jdk.internal.org.objectweb.asm.Frame.execute(IILjdk/internal/org/objectweb/asm/Symbol;Ljdk/internal/org/objectweb/asm/SymbolTable;)V @ 1 c2
Event: 5.537 Thread 0x000001f9e9029410 DEOPT PACKING pc=0x000001f9d6665768 sp=0x000000e5d4ef7bc0
Event: 5.537 Thread 0x000001f9e9029410 DEOPT UNPACKING pc=0x000001f9d6003aa2 sp=0x000000e5d4ef7b48 mode 2
Event: 5.547 Thread 0x000001f9e9029410 Uncommon trap: trap_request=0xffffffde fr.pc=0x000001f9d6654f94 relative=0x00000000000003b4
Event: 5.547 Thread 0x000001f9e9029410 Uncommon trap: reason=class_check action=maybe_recompile pc=0x000001f9d6654f94 method=java.util.regex.Pattern$BmpCharPropertyGreedy.match(Ljava/util/regex/Matcher;ILjava/lang/CharSequence;)Z @ 70 c2
Event: 5.547 Thread 0x000001f9e9029410 DEOPT PACKING pc=0x000001f9d6654f94 sp=0x000000e5d4ef3000
Event: 5.547 Thread 0x000001f9e9029410 DEOPT UNPACKING pc=0x000001f9d6003aa2 sp=0x000000e5d4ef2fa8 mode 2
Event: 5.547 Thread 0x000001f9e9029410 Uncommon trap: trap_request=0xffffffde fr.pc=0x000001f9d6654f94 relative=0x00000000000003b4
Event: 5.547 Thread 0x000001f9e9029410 Uncommon trap: reason=class_check action=maybe_recompile pc=0x000001f9d6654f94 method=java.util.regex.Pattern$BmpCharPropertyGreedy.match(Ljava/util/regex/Matcher;ILjava/lang/CharSequence;)Z @ 70 c2
Event: 5.547 Thread 0x000001f9e9029410 DEOPT PACKING pc=0x000001f9d6654f94 sp=0x000000e5d4ef2e50
Event: 5.547 Thread 0x000001f9e9029410 DEOPT UNPACKING pc=0x000001f9d6003aa2 sp=0x000000e5d4ef2df8 mode 2
Event: 5.547 Thread 0x000001f9e9029410 Uncommon trap: trap_request=0xffffffde fr.pc=0x000001f9d6654f94 relative=0x00000000000003b4
Event: 5.547 Thread 0x000001f9e9029410 Uncommon trap: reason=class_check action=maybe_recompile pc=0x000001f9d6654f94 method=java.util.regex.Pattern$BmpCharPropertyGreedy.match(Ljava/util/regex/Matcher;ILjava/lang/CharSequence;)Z @ 70 c2
Event: 5.547 Thread 0x000001f9e9029410 DEOPT PACKING pc=0x000001f9d6654f94 sp=0x000000e5d4ef3010
Event: 5.547 Thread 0x000001f9e9029410 DEOPT UNPACKING pc=0x000001f9d6003aa2 sp=0x000000e5d4ef2fb8 mode 2
Event: 5.547 Thread 0x000001f9e9029410 Uncommon trap: trap_request=0xffffffde fr.pc=0x000001f9d6654f94 relative=0x00000000000003b4
Event: 5.547 Thread 0x000001f9e9029410 Uncommon trap: reason=class_check action=maybe_recompile pc=0x000001f9d6654f94 method=java.util.regex.Pattern$BmpCharPropertyGreedy.match(Ljava/util/regex/Matcher;ILjava/lang/CharSequence;)Z @ 70 c2
Event: 5.547 Thread 0x000001f9e9029410 DEOPT PACKING pc=0x000001f9d6654f94 sp=0x000000e5d4ef2e60
Event: 5.547 Thread 0x000001f9e9029410 DEOPT UNPACKING pc=0x000001f9d6003aa2 sp=0x000000e5d4ef2e08 mode 2

Classes loaded (20 events):
Event: 5.560 Loading class java/io/StringReader
Event: 5.560 Loading class java/io/StringReader done
Event: 5.561 Loading class java/util/zip/GZIPInputStream
Event: 5.561 Loading class java/util/zip/GZIPInputStream done
Event: 5.565 Loading class java/net/SocketTimeoutException
Event: 5.566 Loading class java/io/InterruptedIOException
Event: 5.566 Loading class java/io/InterruptedIOException done
Event: 5.566 Loading class java/net/SocketTimeoutException done
Event: 5.566 Loading class java/net/SocketException
Event: 5.566 Loading class java/net/SocketException done
Event: 5.566 Loading class java/net/UnknownHostException
Event: 5.566 Loading class java/net/UnknownHostException done
Event: 5.566 Loading class java/net/ProtocolException
Event: 5.566 Loading class java/net/ProtocolException done
Event: 5.581 Loading class java/lang/ThreadLocal$SuppliedThreadLocal
Event: 5.581 Loading class java/lang/ThreadLocal$SuppliedThreadLocal done
Event: 5.617 Loading class java/io/FileWriter
Event: 5.617 Loading class java/io/FileWriter done
Event: 5.620 Loading class java/lang/NegativeArraySizeException
Event: 5.620 Loading class java/lang/NegativeArraySizeException done

Classes unloaded (0 events):
No events

Classes redefined (0 events):
No events

Internal exceptions (20 events):
Event: 5.424 Thread 0x000001f9e9029410 Exception <a 'java/lang/NoSuchMethodError'{0x00000000d559f2f0}: 'void java.lang.invoke.DirectMethodHandle$Holder.invokeSpecial(java.lang.Object, java.lang.Object, java.lang.Object, int)'> (0x00000000d559f2f0) 
thrown [s\src\hotspot\share\interpreter\linkResolver.cpp, line 773]
Event: 5.424 Thread 0x000001f9e9029410 Exception <a 'java/lang/NoSuchMethodError'{0x00000000d55a2c80}: 'void java.lang.invoke.DelegatingMethodHandle$Holder.reinvoke_L(java.lang.Object, java.lang.Object, int)'> (0x00000000d55a2c80) 
thrown [s\src\hotspot\share\interpreter\linkResolver.cpp, line 773]
Event: 5.424 Thread 0x000001f9e9029410 Exception <a 'java/lang/NoSuchMethodError'{0x00000000d55a9968}: 'int java.lang.invoke.Invokers$Holder.invokeExact_MT(java.lang.Object, java.lang.Object, java.lang.Object)'> (0x00000000d55a9968) 
thrown [s\src\hotspot\share\interpreter\linkResolver.cpp, line 773]
Event: 5.443 Thread 0x000001f9e9029410 Exception <a 'java/lang/NoSuchMethodError'{0x00000000d56c2f38}: 'void java.lang.invoke.Invokers$Holder.invokeExact_MT(java.lang.Object, java.lang.Object, int, java.lang.Object)'> (0x00000000d56c2f38) 
thrown [s\src\hotspot\share\interpreter\linkResolver.cpp, line 773]
Event: 5.469 Thread 0x000001f9e9029410 Exception <a 'java/lang/NoSuchMethodError'{0x00000000d57d43e8}: 'java.lang.Object java.lang.invoke.DirectMethodHandle$Holder.invokeSpecial(java.lang.Object, java.lang.Object, java.lang.Object, long, java.lang.Object)'> (0x00000000d57d43e8) 
thrown [s\src\hotspot\share\interpreter\linkResolver.cpp, line 773]
Event: 5.470 Thread 0x000001f9e9029410 Exception <a 'java/lang/NoSuchMethodError'{0x00000000d57dbc30}: 'java.lang.Object java.lang.invoke.DirectMethodHandle$Holder.newInvokeSpecial(java.lang.Object, java.lang.Object, java.lang.Object, long)'> (0x00000000d57dbc30) 
thrown [s\src\hotspot\share\interpreter\linkResolver.cpp, line 773]
Event: 5.470 Thread 0x000001f9e9029410 Exception <a 'java/lang/NoSuchMethodError'{0x00000000d57dffe0}: 'java.lang.Object java.lang.invoke.DirectMethodHandle$Holder.invokeSpecial(java.lang.Object, java.lang.Object, java.lang.Object, java.lang.Object, long)'> (0x00000000d57dffe0) 
thrown [s\src\hotspot\share\interpreter\linkResolver.cpp, line 773]
Event: 5.471 Thread 0x000001f9e9029410 Exception <a 'java/lang/NoSuchMethodError'{0x00000000d57e3c00}: 'java.lang.Object java.lang.invoke.Invokers$Holder.linkToTargetMethod(java.lang.Object, java.lang.Object, long, java.lang.Object)'> (0x00000000d57e3c00) 
thrown [s\src\hotspot\share\interpreter\linkResolver.cpp, line 773]
Event: 5.478 Thread 0x000001f9e9029410 Exception <a 'java/lang/NoSuchMethodError'{0x00000000d586f3c0}: 'int java.lang.invoke.DirectMethodHandle$Holder.invokeStaticInit(java.lang.Object, java.lang.Object, java.lang.Object)'> (0x00000000d586f3c0) 
thrown [s\src\hotspot\share\interpreter\linkResolver.cpp, line 773]
Event: 5.485 Thread 0x000001f9e9029410 Exception <a 'java/lang/IncompatibleClassChangeError'{0x00000000d591f5c0}: Found class java.lang.Object, but interface was expected> (0x00000000d591f5c0) 
thrown [s\src\hotspot\share\interpreter\linkResolver.cpp, line 840]
Event: 5.489 Thread 0x000001f9e9029410 Exception <a 'java/lang/NoSuchMethodError'{0x00000000d593c8f8}: 'java.lang.Object java.lang.invoke.DirectMethodHandle$Holder.invokeSpecial(java.lang.Object, java.lang.Object, java.lang.Object, int, java.lang.Object, java.lang.Object)'> (0x00000000d593c8f8) 
thrown [s\src\hotspot\share\interpreter\linkResolver.cpp, line 773]
Event: 5.490 Thread 0x000001f9e9029410 Exception <a 'java/lang/NoSuchMethodError'{0x00000000d5944618}: 'java.lang.Object java.lang.invoke.DirectMethodHandle$Holder.newInvokeSpecial(java.lang.Object, java.lang.Object, java.lang.Object, int, java.lang.Object)'> (0x00000000d5944618) 
thrown [s\src\hotspot\share\interpreter\linkResolver.cpp, line 773]
Event: 5.490 Thread 0x000001f9e9029410 Exception <a 'java/lang/NoSuchMethodError'{0x00000000d5948598}: 'java.lang.Object java.lang.invoke.DirectMethodHandle$Holder.invokeSpecial(java.lang.Object, java.lang.Object, java.lang.Object, java.lang.Object, int, java.lang.Object)'> (0x00000000d5948598) 
thrown [s\src\hotspot\share\interpreter\linkResolver.cpp, line 773]
Event: 5.490 Thread 0x000001f9e9029410 Exception <a 'java/lang/NoSuchMethodError'{0x00000000d594c0d8}: 'java.lang.Object java.lang.invoke.Invokers$Holder.linkToTargetMethod(java.lang.Object, java.lang.Object, int, java.lang.Object, java.lang.Object)'> (0x00000000d594c0d8) 
thrown [s\src\hotspot\share\interpreter\linkResolver.cpp, line 773]
Event: 5.491 Thread 0x000001f9e9386c10 Exception <a 'java/lang/NoSuchMethodError'{0x00000000d587a770}: 'java.lang.Object java.lang.invoke.DirectMethodHandle$Holder.invokeSpecial(java.lang.Object, java.lang.Object, int, java.lang.Object, java.lang.Object)'> (0x00000000d587a770) 
thrown [s\src\hotspot\share\interpreter\linkResolver.cpp, line 773]
Event: 5.491 Thread 0x000001f9e9386c10 Exception <a 'java/lang/NoSuchMethodError'{0x00000000d58814a8}: 'java.lang.Object java.lang.invoke.DirectMethodHandle$Holder.newInvokeSpecial(java.lang.Object, java.lang.Object, int, java.lang.Object)'> (0x00000000d58814a8) 
thrown [s\src\hotspot\share\interpreter\linkResolver.cpp, line 773]
Event: 5.492 Thread 0x000001f9e9386c10 Exception <a 'java/lang/NoSuchMethodError'{0x00000000d5884d88}: 'java.lang.Object java.lang.invoke.DirectMethodHandle$Holder.invokeSpecial(java.lang.Object, java.lang.Object, java.lang.Object, int, java.lang.Object)'> (0x00000000d5884d88) 
thrown [s\src\hotspot\share\interpreter\linkResolver.cpp, line 773]
Event: 5.513 Thread 0x000001f9e9029410 Exception <a 'java/lang/NoSuchMethodError'{0x00000000d5a56a88}: 'void java.lang.invoke.DirectMethodHandle$Holder.invokeSpecial(java.lang.Object, java.lang.Object, java.lang.Object, java.lang.Object, java.lang.Object)'> (0x00000000d5a56a88) 
thrown [s\src\hotspot\share\interpreter\linkResolver.cpp, line 773]
Event: 5.537 Thread 0x000001f9e9029410 Exception <a 'java/lang/NoSuchMethodError'{0x00000000d5c80f18}: 'double java.lang.invoke.DirectMethodHandle$Holder.invokeStatic(java.lang.Object, java.lang.Object)'> (0x00000000d5c80f18) 
thrown [s\src\hotspot\share\interpreter\linkResolver.cpp, line 773]
Event: 5.538 Thread 0x000001f9e9029410 Exception <a 'java/lang/NoSuchMethodError'{0x00000000d5c84818}: 'double java.lang.invoke.DirectMethodHandle$Holder.invokeStaticInit(java.lang.Object, java.lang.Object)'> (0x00000000d5c84818) 
thrown [s\src\hotspot\share\interpreter\linkResolver.cpp, line 773]

ZGC Phase Switch (0 events):
No events

VM Operations (20 events):
Event: 3.854 Executing non-safepoint VM operation: HandshakeAllThreads (Deoptimize)
Event: 3.854 Executing non-safepoint VM operation: HandshakeAllThreads (Deoptimize) done
Event: 4.244 Executing safepoint VM operation: ParallelGCFailedAllocation (Allocation Failure)
Event: 4.254 Executing safepoint VM operation: ParallelGCFailedAllocation (Allocation Failure) done
Event: 4.584 Executing non-safepoint VM operation: HandshakeAllThreads (Deoptimize)
Event: 4.584 Executing non-safepoint VM operation: HandshakeAllThreads (Deoptimize) done
Event: 4.817 Executing non-safepoint VM operation: HandshakeAllThreads (Deoptimize)
Event: 4.817 Executing non-safepoint VM operation: HandshakeAllThreads (Deoptimize) done
Event: 4.906 Executing safepoint VM operation: ParallelGCFailedAllocation (Allocation Failure)
Event: 4.909 Executing safepoint VM operation: ParallelGCFailedAllocation (Allocation Failure) done
Event: 4.948 Executing non-safepoint VM operation: HandshakeAllThreads (Deoptimize)
Event: 4.948 Executing non-safepoint VM operation: HandshakeAllThreads (Deoptimize) done
Event: 4.952 Executing non-safepoint VM operation: HandshakeAllThreads (Deoptimize)
Event: 4.952 Executing non-safepoint VM operation: HandshakeAllThreads (Deoptimize) done
Event: 4.964 Executing non-safepoint VM operation: HandshakeAllThreads (Deoptimize)
Event: 4.964 Executing non-safepoint VM operation: HandshakeAllThreads (Deoptimize) done
Event: 5.402 Executing non-safepoint VM operation: HandshakeAllThreads (Deoptimize)
Event: 5.402 Executing non-safepoint VM operation: HandshakeAllThreads (Deoptimize) done
Event: 5.412 Executing safepoint VM operation: ParallelGCFailedAllocation (Allocation Failure)
Event: 5.420 Executing safepoint VM operation: ParallelGCFailedAllocation (Allocation Failure) done

Memory protections (0 events):
No events

Nmethod flushes (0 events):
No events

Events (20 events):
Event: 1.703 Thread 0x000001f9e37dbf40 Thread exited: 0x000001f9e37dbf40
Event: 3.027 Thread 0x000001f9cb9324a0 Thread added: 0x000001f9e4b95f70
Event: 3.029 Thread 0x000001f9cb9324a0 Thread added: 0x000001f9e4b96620
Event: 3.573 Thread 0x000001f9e4b95f70 Thread exited: 0x000001f9e4b95f70
Event: 3.573 Thread 0x000001f9e4b96620 Thread exited: 0x000001f9e4b96620
Event: 3.613 Thread 0x000001f9cb880850 Thread added: 0x000001f9e4ad9580
Event: 4.138 Thread 0x000001f9cb9324a0 Thread added: 0x000001f9e927b300
Event: 4.140 Thread 0x000001f9cb9324a0 Thread added: 0x000001f9e9024fa0
Event: 4.155 Thread 0x000001f9cb880850 Thread added: 0x000001f9e9025a80
Event: 4.170 Thread 0x000001f9cb880850 Thread added: 0x000001f9e9029410
Event: 4.278 Thread 0x000001f9e9024fa0 Thread exited: 0x000001f9e9024fa0
Event: 4.292 Thread 0x000001f9e927b300 Thread exited: 0x000001f9e927b300
Event: 4.535 Thread 0x000001f9e9029410 Thread added: 0x000001f9e925c750
Event: 4.693 Thread 0x000001f9cb9324a0 Thread added: 0x000001f9e927a620
Event: 4.693 Thread 0x000001f9cb9324a0 Thread added: 0x000001f9e4c12150
Event: 4.844 Thread 0x000001f9e9029410 Thread added: 0x000001f9e90b05a0
Event: 5.399 Thread 0x000001f9e4c12150 Thread exited: 0x000001f9e4c12150
Event: 5.431 Thread 0x000001f9e9029410 Thread added: 0x000001f9e4c12150
Event: 5.474 Thread 0x000001f9e9029410 Thread added: 0x000001f9e9386c10
Event: 5.492 Thread 0x000001f9e9029410 Thread added: 0x000001f9e9178410


Dynamic libraries:
0x00007ff700e20000 - 0x00007ff700e2e000 	c:\Users\ACER\.antigravity\extensions\redhat.java-1.53.0-win32-x64\jre\21.0.10-win32-x86_64\bin\java.exe
0x00007ff9054d0000 - 0x00007ff9056e8000 	C:\Windows\SYSTEM32\ntdll.dll
0x00007ff903db0000 - 0x00007ff903e74000 	C:\Windows\System32\KERNEL32.DLL
0x00007ff902a20000 - 0x00007ff902df3000 	C:\Windows\System32\KERNELBASE.dll
0x00007ff902880000 - 0x00007ff902991000 	C:\Windows\System32\ucrtbase.dll
0x00007ff8e83c0000 - 0x00007ff8e83de000 	c:\Users\ACER\.antigravity\extensions\redhat.java-1.53.0-win32-x64\jre\21.0.10-win32-x86_64\bin\VCRUNTIME140.dll
0x00007ff8e7870000 - 0x00007ff8e7888000 	c:\Users\ACER\.antigravity\extensions\redhat.java-1.53.0-win32-x64\jre\21.0.10-win32-x86_64\bin\jli.dll
0x00007ff904f90000 - 0x00007ff905142000 	C:\Windows\System32\USER32.dll
0x00007ff9025e0000 - 0x00007ff902606000 	C:\Windows\System32\win32u.dll
0x00007ff8e7270000 - 0x00007ff8e750c000 	C:\Windows\WinSxS\amd64_microsoft.windows.common-controls_6595b64144ccf1df_6.0.22621.6060_none_2712eda17382d24b\COMCTL32.dll
0x00007ff9038f0000 - 0x00007ff903997000 	C:\Windows\System32\msvcrt.dll
0x00007ff9039a0000 - 0x00007ff9039c9000 	C:\Windows\System32\GDI32.dll
0x00007ff902610000 - 0x00007ff90272b000 	C:\Windows\System32\gdi32full.dll
0x00007ff902760000 - 0x00007ff9027fa000 	C:\Windows\System32\msvcp_win.dll
0x00007ff9039d0000 - 0x00007ff903a01000 	C:\Windows\System32\IMM32.DLL
0x00007ff8f3d00000 - 0x00007ff8f3d0c000 	c:\Users\ACER\.antigravity\extensions\redhat.java-1.53.0-win32-x64\jre\21.0.10-win32-x86_64\bin\vcruntime140_1.dll
0x00007ff8c2fc0000 - 0x00007ff8c304d000 	c:\Users\ACER\.antigravity\extensions\redhat.java-1.53.0-win32-x64\jre\21.0.10-win32-x86_64\bin\msvcp140.dll
0x00007ff854be0000 - 0x00007ff855981000 	c:\Users\ACER\.antigravity\extensions\redhat.java-1.53.0-win32-x64\jre\21.0.10-win32-x86_64\bin\server\jvm.dll
0x00007ff9043b0000 - 0x00007ff904461000 	C:\Windows\System32\ADVAPI32.dll
0x00007ff904300000 - 0x00007ff9043a8000 	C:\Windows\System32\sechost.dll
0x00007ff902730000 - 0x00007ff902758000 	C:\Windows\System32\bcrypt.dll
0x00007ff9044d0000 - 0x00007ff9045e8000 	C:\Windows\System32\RPCRT4.dll
0x00007ff903d30000 - 0x00007ff903da1000 	C:\Windows\System32\WS2_32.dll
0x00007ff901400000 - 0x00007ff90144d000 	C:\Windows\SYSTEM32\POWRPROF.dll
0x00007ff8f3ca0000 - 0x00007ff8f3cd4000 	C:\Windows\SYSTEM32\WINMM.dll
0x00007ff8f7350000 - 0x00007ff8f735a000 	C:\Windows\SYSTEM32\VERSION.dll
0x00007ff9013e0000 - 0x00007ff9013f3000 	C:\Windows\SYSTEM32\UMPDC.dll
0x00007ff901690000 - 0x00007ff9016a8000 	C:\Windows\SYSTEM32\kernel.appcore.dll
0x00007ff8e7860000 - 0x00007ff8e786a000 	c:\Users\ACER\.antigravity\extensions\redhat.java-1.53.0-win32-x64\jre\21.0.10-win32-x86_64\bin\jimage.dll
0x00007ff8ffdf0000 - 0x00007ff900023000 	C:\Windows\SYSTEM32\DBGHELP.DLL
0x00007ff903f60000 - 0x00007ff9042f1000 	C:\Windows\System32\combase.dll
0x00007ff903e80000 - 0x00007ff903f58000 	C:\Windows\System32\OLEAUT32.dll
0x00007ff8f5220000 - 0x00007ff8f5252000 	C:\Windows\SYSTEM32\dbgcore.DLL
0x00007ff9029a0000 - 0x00007ff902a1b000 	C:\Windows\System32\bcryptPrimitives.dll
0x00007ff8e7850000 - 0x00007ff8e785f000 	c:\Users\ACER\.antigravity\extensions\redhat.java-1.53.0-win32-x64\jre\21.0.10-win32-x86_64\bin\instrument.dll
0x00007ff8d8c50000 - 0x00007ff8d8c70000 	c:\Users\ACER\.antigravity\extensions\redhat.java-1.53.0-win32-x64\jre\21.0.10-win32-x86_64\bin\java.dll
0x00007ff9046f0000 - 0x00007ff904f8c000 	C:\Windows\System32\SHELL32.dll
0x00007ff902e00000 - 0x00007ff902f3f000 	C:\Windows\System32\wintypes.dll
0x00007ff9004a0000 - 0x00007ff900dba000 	C:\Windows\SYSTEM32\windows.storage.dll
0x00007ff903170000 - 0x00007ff903274000 	C:\Windows\System32\SHCORE.dll
0x00007ff903290000 - 0x00007ff9032f9000 	C:\Windows\System32\shlwapi.dll
0x00007ff902510000 - 0x00007ff902535000 	C:\Windows\SYSTEM32\profapi.dll
0x00007ff8d8400000 - 0x00007ff8d8418000 	c:\Users\ACER\.antigravity\extensions\redhat.java-1.53.0-win32-x64\jre\21.0.10-win32-x86_64\bin\zip.dll
0x00007ff8e75e0000 - 0x00007ff8e75f0000 	C:\Users\ACER\.antigravity\extensions\redhat.java-1.53.0-win32-x64\jre\21.0.10-win32-x86_64\bin\net.dll
0x00007ff8f9f50000 - 0x00007ff8fa07c000 	C:\Windows\SYSTEM32\WINHTTP.dll
0x00007ff901b90000 - 0x00007ff901bf9000 	C:\Windows\system32\mswsock.dll
0x00007ff8d83d0000 - 0x00007ff8d83e6000 	C:\Users\ACER\.antigravity\extensions\redhat.java-1.53.0-win32-x64\jre\21.0.10-win32-x86_64\bin\nio.dll
0x00007ff8e0d50000 - 0x00007ff8e0d60000 	c:\Users\ACER\.antigravity\extensions\redhat.java-1.53.0-win32-x64\jre\21.0.10-win32-x86_64\bin\verify.dll
0x00007ff8b9a40000 - 0x00007ff8b9a85000 	C:\Users\ACER\AppData\Roaming\Antigravity\User\globalStorage\redhat.java\1.53.0\config_ss_win\org.eclipse.equinox.launcher\org.eclipse.equinox.launcher.win32.win32.x86_64_1.3.0.v20260203-2149\eclipse_11919.dll
0x00007ff9052d0000 - 0x00007ff905471000 	C:\Windows\System32\ole32.dll
0x00007ff901df0000 - 0x00007ff901e0b000 	C:\Windows\SYSTEM32\CRYPTSP.dll
0x00007ff9015e0000 - 0x00007ff901617000 	C:\Windows\system32\rsaenh.dll
0x00007ff901c80000 - 0x00007ff901ca8000 	C:\Windows\SYSTEM32\USERENV.dll
0x00007ff901de0000 - 0x00007ff901dec000 	C:\Windows\SYSTEM32\CRYPTBASE.dll
0x00007ff901120000 - 0x00007ff90114d000 	C:\Windows\SYSTEM32\IPHLPAPI.DLL
0x00007ff9038e0000 - 0x00007ff9038e9000 	C:\Windows\System32\NSI.dll
0x00007ff8af120000 - 0x00007ff8af169000 	C:\Users\ACER\AppData\Local\Temp\jna-2003023\jna11593838517684989457.dll
0x00007ff905480000 - 0x00007ff905488000 	C:\Windows\System32\PSAPI.DLL

JVMTI agents:
c:\Users\ACER\.antigravity\extensions\redhat.java-1.53.0-win32-x64\lombok\lombok-1.18.39-4050.jar path:c:\Users\ACER\.antigravity\extensions\redhat.java-1.53.0-win32-x64\jre\21.0.10-win32-x86_64\bin\instrument.dll, loaded, initialized, instrumentlib options:none

dbghelp: loaded successfully - version: 4.0.5 - missing functions: none
symbol engine: initialized successfully - sym options: 0x614 - pdb path: .;c:\Users\ACER\.antigravity\extensions\redhat.java-1.53.0-win32-x64\jre\21.0.10-win32-x86_64\bin;C:\Windows\SYSTEM32;C:\Windows\WinSxS\amd64_microsoft.windows.common-controls_6595b64144ccf1df_6.0.22621.6060_none_2712eda17382d24b;c:\Users\ACER\.antigravity\extensions\redhat.java-1.53.0-win32-x64\jre\21.0.10-win32-x86_64\bin\server;C:\Users\ACER\AppData\Roaming\Antigravity\User\globalStorage\redhat.java\1.53.0\config_ss_win\org.eclipse.equinox.launcher\org.eclipse.equinox.launcher.win32.win32.x86_64_1.3.0.v20260203-2149;C:\Users\ACER\AppData\Local\Temp\jna-2003023

VM Arguments:
jvm_args: --add-modules=ALL-SYSTEM --add-opens=java.base/java.util=ALL-UNNAMED --add-opens=java.base/java.lang=ALL-UNNAMED --add-opens=java.base/sun.nio.fs=ALL-UNNAMED -Declipse.application=org.eclipse.jdt.ls.core.id1 -Dosgi.bundles.defaultStartLevel=4 -Declipse.product=org.eclipse.jdt.ls.core.product -Djava.import.generatesMetadataFilesAtProjectRoot=false -DDetectVMInstallationsJob.disabled=true -Dfile.encoding=utf8 -XX:+UseParallelGC -XX:GCTimeRatio=4 -XX:AdaptiveSizePolicyWeight=90 -Dsun.zip.disableMemoryMapping=true -Xmx2G -Xms100m -Xlog:disable -javaagent:c:\Users\ACER\.antigravity\extensions\redhat.java-1.53.0-win32-x64\lombok\lombok-1.18.39-4050.jar 
java_command: c:\Users\ACER\.antigravity\extensions\redhat.java-1.53.0-win32-x64\server\plugins\org.eclipse.equinox.launcher_1.7.100.v20251111-0406.jar -configuration c:\Users\ACER\AppData\Roaming\Antigravity\User\globalStorage\redhat.java\1.53.0\config_ss_win -data c:\Users\ACER\AppData\Roaming\Antigravity\User\workspaceStorage\170cc99860df800c3fff8c357527cd0f\redhat.java\ss_ws --pipe=\\.\pipe\lsp-08866ca6a91cf784d995261f57c352dd-sock
java_class_path (initial): c:\Users\ACER\.antigravity\extensions\redhat.java-1.53.0-win32-x64\server\plugins\org.eclipse.equinox.launcher_1.7.100.v20251111-0406.jar
Launcher Type: SUN_STANDARD

[Global flags]
    uintx AdaptiveSizePolicyWeight                 = 90                                        {product} {command line}
     intx CICompilerCount                          = 4                                         {product} {ergonomic}
    uintx GCTimeRatio                              = 4                                         {product} {command line}
   size_t InitialHeapSize                          = 104857600                                 {product} {command line}
   size_t MaxHeapSize                              = 2147483648                                {product} {command line}
   size_t MaxNewSize                               = 715653120                                 {product} {ergonomic}
   size_t MinHeapDeltaBytes                        = 524288                                    {product} {ergonomic}
   size_t MinHeapSize                              = 104857600                                 {product} {command line}
   size_t NewSize                                  = 34603008                                  {product} {ergonomic}
    uintx NonNMethodCodeHeapSize                   = 5839372                                {pd product} {ergonomic}
    uintx NonProfiledCodeHeapSize                  = 122909434                              {pd product} {ergonomic}
   size_t OldSize                                  = 70254592                                  {product} {ergonomic}
    uintx ProfiledCodeHeapSize                     = 122909434                              {pd product} {ergonomic}
    uintx ReservedCodeCacheSize                    = 251658240                              {pd product} {ergonomic}
     bool SegmentedCodeCache                       = true                                      {product} {ergonomic}
   size_t SoftMaxHeapSize                          = 2147483648                             {manageable} {ergonomic}
     bool UseCompressedOops                        = true                           {product lp64_product} {ergonomic}
     bool UseLargePagesIndividualAllocation        = false                                  {pd product} {ergonomic}
     bool UseParallelGC                            = true                                      {product} {command line}

Logging:
Log output configuration:
 #0: stdout all=off uptime,level,tags foldmultilines=false
 #1: stderr all=off uptime,level,tags foldmultilines=false

Release file:
JAVA_VERSION="21.0.10" 
MODULES="java.base java.compiler java.datatransfer java.xml java.prefs java.desktop java.instrument java.logging java.management java.security.sasl java.naming java.rmi java.management.rmi java.net.http java.scripting java.security.jgss java.transaction.xa java.sql java.sql.rowset java.xml.crypto java.se java.smartcardio jdk.accessibility jdk.internal.jvmstat jdk.attach jdk.charsets jdk.internal.opt jdk.zipfs jdk.compiler jdk.crypto.ec jdk.crypto.cryptoki jdk.crypto.mscapi jdk.dynalink jdk.internal.ed jdk.editpad jdk.hotspot.agent jdk.httpserver jdk.internal.le jdk.internal.vm.ci jdk.internal.vm.compiler jdk.internal.vm.compiler.management jdk.jartool jdk.javadoc jdk.jcmd jdk.management jdk.management.agent jdk.jconsole jdk.jdeps jdk.jdwp.agent jdk.jdi jdk.jfr jdk.jshell jdk.jsobject jdk.jstatd jdk.localedata jdk.management.jfr jdk.naming.dns jdk.naming.rmi jdk.net jdk.nio.mapmode jdk.random jdk.sctp jdk.security.auth jdk.security.jgss jdk.unsupported jdk.unsupported.desktop jdk.xml.dom" 

Environment Variables:
PATH=C:\Program Files\Java\jdk-17.0.12\bin;C:\Program Files (x86)\Common Files\Oracle\Java\javapath;C:\Windows\system32;C:\Windows;C:\Windows\System32\Wbem;C:\Windows\System32\WindowsPowerShell\v1.0\;C:\Windows\System32\OpenSSH\;C:\Program Files (x86)\NVIDIA Corporation\PhysX\Common;C:\Program Files\dotnet\;C:\Program Files\NVIDIA Corporation\NVIDIA NvDLISR;C:\MinGW\bin;C:\Program Files (x86)\Microsoft SQL Server\160\Tools\Binn\;C:\Program Files\Microsoft SQL Server\160\Tools\Binn\;C:\Program Files\Microsoft SQL Server\Client SDK\ODBC\170\Tools\Binn\;C:\Program Files\Microsoft SQL Server\160\DTS\Binn\;C:\Program Files (x86)\Microsoft SQL Server\160\DTS\Binn\;C:\Program Files\Java\apache-maven-3.9.11\bin;C:\Program Files\Java\apache-maven-3.9.11\bin;C:\Program Files\Git\cmd;C:\Program Files\nodejs\;C:\Program Files\MySQL\MySQL Shell 8.0\bin\;C:\Users\ACER\AppData\Local\Microsoft\WindowsApps;D:\Microsoft VS Code\bin;C:\Program Files\Azure Data Studio\bin;C:\Users\ACER\AppData\Roaming\npm;C:\Program Files\nodejs;C:\Users\ACER\AppData\Local\GitHubDesktop\bin;C:\Users\ACER\AppData\Local\Programs\Antigravity\bin
USERNAME=ACER
OS=Windows_NT
PROCESSOR_IDENTIFIER=Intel64 Family 6 Model 154 Stepping 3, GenuineIntel
TMP=C:\Users\ACER\AppData\Local\Temp
TEMP=C:\Users\ACER\AppData\Local\Temp




Periodic native trim disabled

---------------  S Y S T E M  ---------------

OS:
 Windows 11 , 64 bit Build 22621 (10.0.22621.5415)
OS uptime: 0 days 1:13 hours
Hyper-V role detected

CPU: total 12 (initial active 12) (6 cores per cpu, 2 threads per core) family 6 model 154 stepping 3 microcode 0x42a, cx8, cmov, fxsr, ht, mmx, 3dnowpref, sse, sse2, sse3, ssse3, sse4.1, sse4.2, popcnt, lzcnt, tsc, tscinvbit, avx, avx2, aes, erms, clmul, bmi1, bmi2, adx, sha, fma, vzeroupper, clflush, clflushopt, clwb, hv, serialize, rdtscp, rdpid, fsrm, f16c, cet_ibt, cet_ss
Processor Information for processor 0
  Max Mhz: 2000, Current Mhz: 2000, Mhz Limit: 2000
Processor Information for processor 1
  Max Mhz: 2000, Current Mhz: 2000, Mhz Limit: 2000
Processor Information for processor 2
  Max Mhz: 2000, Current Mhz: 2000, Mhz Limit: 2000
Processor Information for processor 3
  Max Mhz: 2000, Current Mhz: 2000, Mhz Limit: 2000
Processor Information for processor 4
  Max Mhz: 2000, Current Mhz: 2000, Mhz Limit: 2000
Processor Information for processor 5
  Max Mhz: 2000, Current Mhz: 2000, Mhz Limit: 2000
Processor Information for processor 6
  Max Mhz: 2000, Current Mhz: 2000, Mhz Limit: 2000
Processor Information for processor 7
  Max Mhz: 2000, Current Mhz: 2000, Mhz Limit: 2000
Processor Information for processor 8
  Max Mhz: 2000, Current Mhz: 1500, Mhz Limit: 1500
Processor Information for processor 9
  Max Mhz: 2000, Current Mhz: 1500, Mhz Limit: 1500
Processor Information for processor 10
  Max Mhz: 2000, Current Mhz: 1500, Mhz Limit: 1500
Processor Information for processor 11
  Max Mhz: 2000, Current Mhz: 1500, Mhz Limit: 1500

Memory: 4k page, system-wide physical 16088M (4988M free)
TotalPageFile size 20184M (AvailPageFile size 1M)
current process WorkingSet (physical memory assigned to process): 134M, peak: 134M
current process commit charge ("private bytes"): 274M, peak: 279M

vm_info: OpenJDK 64-Bit Server VM (21.0.10+7-LTS) for windows-amd64 JRE (21.0.10+7-LTS), built on 2026-01-20T00:00:00Z by "admin" with MS VC++ 17.12 (VS2022)

END.
